// Bun Snapshot v1, https://bun.sh/docs/test/snapshots

exports[`/sessions lists the store and opens the highlighted session 1`] = `
" sessions · 2   s-<id>

 ▾ nothing said yet                                                                                            <when>
   make the budgets configurable                                                                    ▎ this tab <when>















 j/k move · Enter open · Esc close · ? keys
"
`;

exports[`/ext shows the version line, the current pointer and the usage counts 1`] = `
" extensions · 1 · tools 1+0/<max>
 extensions  tools  usage

 ▾ ● lint    0/1 tools  active    lint · script · active · tools 0/1 pinned · current v-<hash>
                                  root .nulya/extensions
                                  tools lint · skills — · prompts —

                                  versions · 1
                                    v-<hash>  <built>  ⚡ current  ▎ this session

                                  usage
                                    lint · 0 uses · —







 Enter on/off · j/k move · h/l pane · Esc close · ? keys
"
`;
