// Bun Snapshot v1, https://bun.sh/docs/test/snapshots

exports[`the sidebar comes up docked, beside a transcript that is still there 1`] = `
" sessions · 2                                                                   
                    ▎ session · ---------------- · frozen composition         ▸ 
   + new tab        ▎ model    scripted/scripted-demo · tools 1+0               
                                                                                
   budgets       ▎  ▎ budgets                                                   
   older one                                                                    
                    ● Let me probe the environment.                             
                                                                                
                      $ echo hello-from-nulya  (2 lines) ▸                      
                                                                                
                    ● done                                                      
                                                                                
                                                                                
                                                                                
                                                                                
                                                                                
                                                                                
                                                                                
                                                                                
                                                                                
╭──────────────────────────────────────────────────────────────────────────────╮
│ › message nulya  ·  / for commands  ·  @ for files                           │
╰──────────────────────────────────────────────────────────────────────────────╯
 ◧ unsafe · scripted-demo · tools 1+0                                           
"
`;

exports[`a wider terminal spends the room on the rail's own columns 1`] = `
" sessions · 2                                                                                                           
                              ▎ session · ---------------- · frozen composition                                       ▸ 
   + new tab                  ▎ model    scripted/scripted-demo · tools 1+0                                             
                                                                                                                        
   budgets        ▎ ~~~~~~~~  ▎ budgets                                                                                 
   older one        ~~~~~~~~                                                                                            
                              ● Let me probe the environment.                                                           
                                                                                                                        
                                $ echo hello-from-nulya  (2 lines) ▸                                                    
                                                                                                                        
                              ● done                                                                                    
                                                                                                                        
                                                                                                                        
                                                                                                                        
                                                                                                                        
                                                                                                                        
                                                                                                                        
                                                                                                                        
                                                                                                                        
                                                                                                                        
╭──────────────────────────────────────────────────────────────────────────────────────────────────────────────────────╮
│ › message nulya  ·  / for commands  ·  @ for files                                                                   │
╰──────────────────────────────────────────────────────────────────────────────────────────────────────────────────────╯
 ◧ sessions  unsafe · scripted-demo · tools 1+0                                                                         
"
`;
