// Bun Snapshot v1, https://bun.sh/docs/test/snapshots

exports[`the directory browser draws its sections at 80 and at 120: browser-80 1`] = `
"   directory · choose a workspace

 ╭────────────────────────────────────────────────────────────────────────────╮
 │ › <dir>                                                                    │
 ╰────────────────────────────────────────────────────────────────────────────╯

   no project                                                            choose

   recent workspaces
   <elsewhere>-name          <dir>                                    …  choose

   current directory
 ▾ use this directory                                                    choose

   folders · 2
   ../                                                                       up
   alpha/                                                             ▪    open
   beta/                                                                   open




   <dir>
   ↑↓ move · Enter choose · Esc close · ? keys
"
`;

exports[`the directory browser draws its sections at 80 and at 120: browser-120 1`] = `
"   directory · choose a workspace

 ╭────────────────────────────────────────────────────────────────────────────────────────────────────────────────────╮
 │ › <dir>                                                                                                            │
 ╰────────────────────────────────────────────────────────────────────────────────────────────────────────────────────╯

   no project                                                                                                    choose

   recent workspaces
   <elsewhere>-name          <elsewhere>                                                                         choose

   current directory
 ▾ use this directory                                                                                            choose

   folders · 2
   ../                                                                                                               up
   alpha/                                                                                                     ▪    open
   beta/                                                                                                           open




   <dir>
   ↑↓ move · Enter choose · Esc close · ? keys
"
`;
